// Jest Snapshot v1, https://goo.gl/fbAQLP

exports[`renders mobile view 1`] = `
<div>
  <div>
    <div
      class="flex flex-row px-2 items-center w-full select-none"
      data-testid="app-activitybar_activitybar-mobile"
    >
      <div
        class="flex flex-row items-center flex-none"
      >
        <button
          aria-label="Go home"
          class="text-base h-9 smallscreen:h-10 min-w-10 px-3  select-none inline-flex justify-center items-center rounded-md whitespace-nowrap overflow-hidden py-1 transition-all duration-100 cursor-pointer "
          style="background-color: transparent;"
          type="button"
        >
          <span
            class="flex flex-grow-1 overflow-hidden "
            style="justify-content: center;"
          >
            <span>
              <svg
                class="w-6 h-6  "
                fill="currentColor"
                viewBox="0 0 18 18"
                xmlns="http://www.w3.org/2000/svg"
              >
                <rect
                  fill="#ff13dc"
                  height="18"
                  opacity="0"
                  width="18"
                />
                <path
                  d="M6,9a.994.994,0,0,0,.2925.7045l3.9915,3.99a1,1,0,1,0,1.4355-1.386l-.0245-.0245L8.4095,9l3.286-3.285A1,1,0,0,0,10.309,4.28l-.0245.0245L6.293,8.2945A.994.994,0,0,0,6,9Z"
                />
              </svg>
            </span>
          </span>
        </button>
      </div>
      <div
        class="flex flex-row items-center shrink overflow-hidden"
        role="button"
      >
        <button
          aria-label="files palette"
          class="text-base h-9 smallscreen:h-10 min-w-10 px-3  select-none inline-flex justify-center items-center rounded-md whitespace-nowrap overflow-hidden py-1 transition-all duration-100 cursor-pointer "
          style="background-color: transparent;"
          type="button"
        >
          <span
            class="flex flex-grow-1 overflow-hidden "
            style="justify-content: center;"
          >
            <span
              class="text-ellipsis overflow-hidden "
            >
              two
            </span>
          </span>
        </button>
      </div>
      <div
        class="flex flex-1"
      />
      <div
        class="flex flex-row items-center flex-none"
      >
        <div
          class="mr-2"
        >
          <button
            aria-label="done editing"
            class="capitalize text-sm font-600 h-8 min-w-8 px-2  select-none inline-flex justify-center items-center rounded-md whitespace-nowrap overflow-hidden py-1 transition-all duration-100 cursor-pointer "
            type="button"
          >
            <span
              class="flex flex-grow-1 overflow-hidden "
              style="justify-content: center;"
            >
              <span
                class="text-ellipsis overflow-hidden "
              >
                Done
              </span>
            </span>
          </button>
        </div>
        <div
          class="mr-2"
        >
          <button
            aria-label="options menu"
            aria-pressed="false"
            class="text-sm font-600 h-8 min-w-8 px-2  select-none inline-flex justify-center items-center rounded-md whitespace-nowrap overflow-hidden py-1 transition-all duration-100 cursor-pointer "
            style="background-color: transparent;"
            type="button"
          >
            <span
              class="flex flex-grow-1 overflow-hidden "
              style="justify-content: center;"
            >
              <span>
                <svg
                  class="w-5 h-5  "
                  fill="currentColor"
                  viewBox="0 0 20 20"
                  xmlns="http://www.w3.org/2000/svg"
                >
                  <path
                    d="M10 6a2 2 0 110-4 2 2 0 010 4zM10 12a2 2 0 110-4 2 2 0 010 4zM10 18a2 2 0 110-4 2 2 0 010 4z"
                  />
                </svg>
              </span>
            </span>
          </button>
        </div>
      </div>
    </div>
  </div>
</div>
`;
