// Jest Snapshot v1, https://goo.gl/fbAQLP

exports[`Landing page is correct 1`] = `
"Hello ✍️


Here is a short guide to get you started.

Navigating the app

Action palette (cmd-shift-pmac or ctrl-shift-p win): Actions are used to execute operations in bangle. You can type an action name and press enter to execute it.

Notes palette (cmd-p mac or ctrl-p win): You can use palette to quickly jump to a note. Press enter to open it or shift-enter to open on side.

Opening workspace

📖  Workspaces are collection of notes that you can open with Bangle.io.

Open an action palette by pressing cmd-shift-p(mac) or ctrl-shift-p(win)

Run the New workspace action.

🎖️ We strongly recommend that you save notes in Your computer to take full advantage of bangle.

Once you select Your computer, you will be shown a directory picker. You can open your existing markdown notes directory or create a new one.

⚠️ Don't forget to backup before opening your data. If you are in hurry simply copy and paste all your notes to another location to create a backup.

Creating a note

After creating a workspace, there are two ways to create a new note:

Using an action: Execute the action New note from the Action Palette.

Inline backlink: In an existing note create a backlink to a new note by typing[[ followed by the name of your note you wish to create.

Using inline palette

You can type / anywhere in your note or press Command-/ (mac) Ctrl-/ (win) to bring a handy toolbar for inserting things.

Formatting text

Bangle saves all your notes in markdown format and  uses the following markdown shortcuts to format text:

bold Cmd+B

italic Cmd+I

For link Cmd+K or select text and paste link on it.

~strikethrough~

For image drag or paste it directly.

\`\`\`for code block

\`inline code\`

* followed by space for bullet point or Cmd-shift-8

1. follow by space for numbered list or Cmd-shift-9

[ ] followed by space for todo list or Cmd-shift-7

You can also select text to bring up a floating menu to making formatting changes.

Follow us on Twitter or Discord


"
`;
