// Jest Snapshot v1, https://goo.gl/fbAQLP

exports[`create a new page saved in browser 1`] = `"doc(heading(\\"Wow\\"), bulletList(listItem(paragraph(\\"list\\"))), paragraph)"`;

exports[`inline action palette convert to bullet list 1`] = `
"<ul>
  <li
    data-bangle-name=\\"listItem\\"
    class=\\"bangle-nv-container\\"
  >
    <span class=\\"bangle-nv-content\\"
      ><p class=\\"selected-node\\">
        I should a bullet list
      </p></span
    >
  </li>
</ul>
<p><br /></p>
"
`;
