// Jest Snapshot v1, https://goo.gl/fbAQLP

exports[`renders backlinks 1`] = `
<div>
  <div>
    <div
      class="flex flex-col"
      data-testid="inline-backlink_widget-container"
    >
      <div
        class="B-ui-components_sidebar-row2 BU_hover rounded text-sm truncate py-1 select-none "
        data-id="test-back-ws:my-linked-note-2.md"
        role="button"
        style="cursor: pointer; display: flex; justify-content: space-between; user-select: none;"
      >
        <div
          class="flex flex-row"
        >
          <div
            class="B-ui-components_left-node"
          >
            <button
              class="focus:outline-none "
              data-bangle-editor-break="true"
              data-bangle-editor-pos="bottom"
              type="button"
            >
              <svg
                fill="currentColor"
                style="height: 16px; width: 16px;"
                viewBox="0 0 18 18"
                xmlns="http://www.w3.org/2000/svg"
              >
                <rect
                  fill="#ff13dc"
                  height="18"
                  opacity="0"
                  width="18"
                />
                <path
                  d="M12,9a.994.994,0,0,1-.2925.7045l-3.9915,3.99a1,1,0,1,1-1.4355-1.386l.0245-.0245L9.5905,9,6.3045,5.715A1,1,0,0,1,7.691,4.28l.0245.0245,3.9915,3.99A.994.994,0,0,1,12,9Z"
                />
              </svg>
            </button>
          </div>
          <span
            class=""
          >
            <span
              class=""
            >
              my-linked-note-2
            </span>
          </span>
        </div>
        <div
          class="flex flex-row"
        >
          <span
            class="B-ui-components_right-node"
          >
            <button
              class="focus:outline-none text-xs font-semibold rounded bg-colorNeutralSolidFaint px-1 "
              data-bangle-editor-break="true"
              data-bangle-editor-pos="bottom"
              type="button"
            >
              1
            </button>
          </span>
          <span
            class="B-ui-components_right-hover-node"
          >
            <button
              class="focus:outline-none text-xs font-semibold rounded bg-colorNeutralSolidFaint px-1 "
              data-bangle-editor-break="true"
              data-bangle-editor-pos="bottom"
              type="button"
            >
              1
            </button>
          </span>
        </div>
      </div>
    </div>
  </div>
</div>
`;

exports[`renders backlinks 2`] = `
<div
  class="B-inline-backlink_highlight-text-container"
>
  <span
    class="text-sm "
  />
  <span
    class="bg-colorPromoteSolidFaint text-sm "
  >
    [[my-linked-note-1]]
  </span>
  <span
    class="text-sm "
  >
     some content
  </span>
</div>
`;
