// Jest Snapshot v1, https://goo.gl/fbAQLP

exports[`Correctly filters commands 1`] = `
NodeList [
  <div
    class="flex side-bar-row flex-row items-center cursor-pointer active hover-allowed"
    style="padding-left: 16px; padding-right: 16px;"
  >
    <span
      class="text-lg truncate select-none"
    >
      View: Toggle theme
    </span>
    <span
      class="flex-1 flex "
    />
    <kbd
      class="whitespace-nowrap"
    />
  </div>,
  <div
    class="flex side-bar-row flex-row items-center cursor-pointer hover-allowed"
    style="padding-left: 16px; padding-right: 16px;"
  >
    <span
      class="text-lg truncate select-none"
    >
      View: Toggle file sidebar
    </span>
    <span
      class="flex-1 flex "
    />
    <kbd
      class="whitespace-nowrap"
    />
  </div>,
  <div
    class="flex side-bar-row flex-row items-center cursor-pointer hover-allowed"
    style="padding-left: 16px; padding-right: 16px;"
  >
    <span
      class="text-lg truncate select-none"
    >
      Workspace: New File
    </span>
    <span
      class="flex-1 flex "
    />
    <kbd
      class="whitespace-nowrap"
    />
  </div>,
  <div
    class="flex side-bar-row flex-row items-center cursor-pointer hover-allowed"
    style="padding-left: 16px; padding-right: 16px;"
  >
    <span
      class="text-lg truncate select-none"
    >
      Workspace: Remove active workspace
    </span>
    <span
      class="flex-1 flex "
    />
    <kbd
      class="whitespace-nowrap"
    />
  </div>,
  <div
    class="flex side-bar-row flex-row items-center cursor-pointer hover-allowed"
    style="padding-left: 16px; padding-right: 16px;"
  >
    <span
      class="text-lg truncate select-none"
    >
      Workspace: New workspace saved in your browser storage
    </span>
    <span
      class="flex-1 flex "
    />
    <kbd
      class="whitespace-nowrap"
    />
  </div>,
  <div
    class="flex side-bar-row flex-row items-center cursor-pointer hover-allowed"
    style="padding-left: 16px; padding-right: 16px;"
  >
    <span
      class="text-lg truncate select-none"
    >
      Workspace: Import workspace from a Github URL
    </span>
    <span
      class="flex-1 flex "
    />
    <kbd
      class="whitespace-nowrap"
    />
  </div>,
  <div
    class="flex side-bar-row flex-row items-center cursor-pointer hover-allowed"
    style="padding-left: 16px; padding-right: 16px;"
  >
    <span
      class="text-lg truncate select-none"
    >
      Workspace: Save personal Github token
    </span>
    <span
      class="flex-1 flex "
    />
    <kbd
      class="whitespace-nowrap"
    />
  </div>,
  <div
    class="flex side-bar-row flex-row items-center cursor-pointer hover-allowed"
    style="padding-left: 16px; padding-right: 16px;"
  >
    <span
      class="text-lg truncate select-none"
    >
      Editor: Uncollapse all headings
    </span>
    <span
      class="flex-1 flex "
    />
    <kbd
      class="whitespace-nowrap"
    />
  </div>,
  <div
    class="flex side-bar-row flex-row items-center cursor-pointer hover-allowed"
    style="padding-left: 16px; padding-right: 16px;"
  >
    <span
      class="text-lg truncate select-none"
    >
      Editor: Convert to a bullet list
    </span>
    <span
      class="flex-1 flex "
    />
    <kbd
      class="whitespace-nowrap"
    >
      ⇧-Ctrl-8
    </kbd>
  </div>,
  <div
    class="flex side-bar-row flex-row items-center cursor-pointer hover-allowed"
    style="padding-left: 16px; padding-right: 16px;"
  >
    <span
      class="text-lg truncate select-none"
    >
      Editor: Convert to a todo list
    </span>
    <span
      class="flex-1 flex "
    />
    <kbd
      class="whitespace-nowrap"
    >
      ⇧-Ctrl-7
    </kbd>
  </div>,
  <div
    class="flex side-bar-row flex-row items-center cursor-not-allowed hover-allowed"
    style="padding-left: 16px; padding-right: 16px;"
  >
    <span
      class="text-lg truncate select-none"
    >
      Editor: Collapse/uncollapse current heading (🚫 not allowed)
    </span>
    <span
      class="flex-1 flex "
    />
    <kbd
      class="whitespace-nowrap"
    />
  </div>,
  <div
    class="flex side-bar-row flex-row items-center cursor-not-allowed hover-allowed"
    style="padding-left: 16px; padding-right: 16px;"
  >
    <span
      class="text-lg truncate select-none"
    >
      Editor: Convert to paragraph (🚫 not allowed)
    </span>
    <span
      class="flex-1 flex "
    />
    <kbd
      class="whitespace-nowrap"
    >
      Ctrl-⇧-0
    </kbd>
  </div>,
  <div
    class="flex side-bar-row flex-row items-center cursor-not-allowed hover-allowed"
    style="padding-left: 16px; padding-right: 16px;"
  >
    <span
      class="text-lg truncate select-none"
    >
      Editor: Insert an empty paragraph above (🚫 not allowed)
    </span>
    <span
      class="flex-1 flex "
    />
    <kbd
      class="whitespace-nowrap"
    >
      Ctrl-⇧-Enter
    </kbd>
  </div>,
  <div
    class="flex side-bar-row flex-row items-center cursor-not-allowed hover-allowed"
    style="padding-left: 16px; padding-right: 16px;"
  >
    <span
      class="text-lg truncate select-none"
    >
      Editor: Insert an empty paragraph below (🚫 not allowed)
    </span>
    <span
      class="flex-1 flex "
    />
    <kbd
      class="whitespace-nowrap"
    >
      Ctrl-Enter
    </kbd>
  </div>,
  <div
    class="flex side-bar-row flex-row items-center cursor-not-allowed hover-allowed"
    style="padding-left: 16px; padding-right: 16px;"
  >
    <span
      class="text-lg truncate select-none"
    >
      Editor: Move to list item up (🚫 not allowed)
    </span>
    <span
      class="flex-1 flex "
    />
    <kbd
      class="whitespace-nowrap"
    >
      Alt-ArrowUp
    </kbd>
  </div>,
  <div
    class="flex side-bar-row flex-row items-center cursor-not-allowed hover-allowed"
    style="padding-left: 16px; padding-right: 16px;"
  >
    <span
      class="text-lg truncate select-none"
    >
      Editor: Move to list item down (🚫 not allowed)
    </span>
    <span
      class="flex-1 flex "
    />
    <kbd
      class="whitespace-nowrap"
    >
      Alt-ArrowDown
    </kbd>
  </div>,
]
`;

exports[`Correctly switches to file type 2`] = `
<div>
  <div>
    <div
      class="fadeInScaleAnimation bangle-palette shadow-2xl"
    >
      <div
        class="palette-input-wrapper flex py-2 px-2 top-0"
      >
        <span
          class="pr-2 flex items-center"
        >
          <svg
            class="fill-current  "
            viewBox="0 0 24 24"
            xmlns="http://www.w3.org/2000/svg"
          >
            <path
              d="M7 18H17V16H7V18Z"
              fill="currentColor"
            />
            <path
              d="M17 14H7V12H17V14Z"
              fill="currentColor"
            />
            <path
              d="M7 10H11V8H7V10Z"
              fill="currentColor"
            />
            <path
              clip-rule="evenodd"
              d="M6 2C4.34315 2 3 3.34315 3 5V19C3 20.6569 4.34315 22 6 22H18C19.6569 22 21 20.6569 21 19V9C21 5.13401 17.866 2 14 2H6ZM6 4H13V9H19V19C19 19.5523 18.5523 20 18 20H6C5.44772 20 5 19.5523 5 19V5C5 4.44772 5.44772 4 6 4ZM15 4.10002C16.6113 4.4271 17.9413 5.52906 18.584 7H15V4.10002Z"
              fill="currentColor"
              fill-rule="evenodd"
            />
          </svg>
        </span>
        <input
          aria-label="palette-input"
          autocapitalize="off"
          autocorrect="off"
          class="flex-grow px-2"
          spellcheck="false"
          type="text"
          value=""
        />
      </div>
      <div
        class="overflow-y-auto"
      >
        <div
          class="flex side-bar-row flex-row items-center cursor-pointer active hover-allowed"
          style="padding-left: 16px; padding-right: 16px;"
        >
          <span
            class="text-lg truncate select-none"
          >
            one.md
          </span>
          <span
            class="flex-1 flex "
          />
          <kbd
            class="whitespace-nowrap"
          />
        </div>
      </div>
    </div>
  </div>
</div>
`;
