// Jest Snapshot v1, https://goo.gl/fbAQLP

exports[`cssCustomProperties snapshot 1`] = `
{
  "app": {
    "activitybar": {
      "color": {
        "bg": "--BV-app-activitybar-color-bg",
      },
    },
    "editor": {
      "color": {
        "bg": "--BV-app-editor-color-bg",
      },
    },
  },
  "border": {
    "radius": {
      "DEFAULT": "--BV-border-radius-DEFAULT",
      "lg": "--BV-border-radius-lg",
      "md": "--BV-border-radius-md",
      "none": "--BV-border-radius-none",
      "sm": "--BV-border-radius-sm",
      "xl": "--BV-border-radius-xl",
    },
    "width": {
      "DEFAULT": "--BV-border-width-DEFAULT",
      "lg": "--BV-border-width-lg",
      "md": "--BV-border-width-md",
      "none": "--BV-border-width-none",
    },
  },
  "color": {
    "caution": {
      "border": "--BV-color-caution-border",
      "borderDark": "--BV-color-caution-borderDark",
      "borderDarker": "--BV-color-caution-borderDarker",
      "borderLight": "--BV-color-caution-borderLight",
      "btn": "--BV-color-caution-btn",
      "btnColor": "--BV-color-caution-btnColor",
      "btnDisabled": "--BV-color-caution-btnDisabled",
      "btnDown": "--BV-color-caution-btnDown",
      "btnHover": "--BV-color-caution-btnHover",
      "icon": "--BV-color-caution-icon",
      "iconDisabled": "--BV-color-caution-iconDisabled",
      "iconLight": "--BV-color-caution-iconLight",
    },
    "critical": {
      "border": "--BV-color-critical-border",
      "borderDark": "--BV-color-critical-borderDark",
      "borderDarker": "--BV-color-critical-borderDarker",
      "borderLight": "--BV-color-critical-borderLight",
      "btn": "--BV-color-critical-btn",
      "btnColor": "--BV-color-critical-btnColor",
      "btnDisabled": "--BV-color-critical-btnDisabled",
      "btnDown": "--BV-color-critical-btnDown",
      "btnHover": "--BV-color-critical-btnHover",
      "icon": "--BV-color-critical-icon",
      "iconDisabled": "--BV-color-critical-iconDisabled",
      "iconLight": "--BV-color-critical-iconLight",
    },
    "neutral": {
      "bg": "--BV-color-neutral-bg",
      "bgLayer1": "--BV-color-neutral-bgLayer1",
      "bgLayer2": "--BV-color-neutral-bgLayer2",
      "border": "--BV-color-neutral-border",
      "borderDark": "--BV-color-neutral-borderDark",
      "borderDarker": "--BV-color-neutral-borderDarker",
      "borderLight": "--BV-color-neutral-borderLight",
      "btn": "--BV-color-neutral-btn",
      "btnColor": "--BV-color-neutral-btnColor",
      "btnDisabled": "--BV-color-neutral-btnDisabled",
      "btnDown": "--BV-color-neutral-btnDown",
      "btnHover": "--BV-color-neutral-btnHover",
      "icon": "--BV-color-neutral-icon",
      "iconDisabled": "--BV-color-neutral-iconDisabled",
      "iconLight": "--BV-color-neutral-iconLight",
      "text": "--BV-color-neutral-text",
      "textDark": "--BV-color-neutral-textDark",
      "textDisabled": "--BV-color-neutral-textDisabled",
      "textInverted": "--BV-color-neutral-textInverted",
      "textLight": "--BV-color-neutral-textLight",
    },
    "positive": {
      "border": "--BV-color-positive-border",
      "borderDark": "--BV-color-positive-borderDark",
      "borderDarker": "--BV-color-positive-borderDarker",
      "borderLight": "--BV-color-positive-borderLight",
      "btn": "--BV-color-positive-btn",
      "btnColor": "--BV-color-positive-btnColor",
      "btnDisabled": "--BV-color-positive-btnDisabled",
      "btnDown": "--BV-color-positive-btnDown",
      "btnHover": "--BV-color-positive-btnHover",
      "icon": "--BV-color-positive-icon",
      "iconDisabled": "--BV-color-positive-iconDisabled",
      "iconLight": "--BV-color-positive-iconLight",
    },
    "promote": {
      "border": "--BV-color-promote-border",
      "borderDark": "--BV-color-promote-borderDark",
      "borderDarker": "--BV-color-promote-borderDarker",
      "borderLight": "--BV-color-promote-borderLight",
      "btn": "--BV-color-promote-btn",
      "btnColor": "--BV-color-promote-btnColor",
      "btnDisabled": "--BV-color-promote-btnDisabled",
      "btnDown": "--BV-color-promote-btnDown",
      "btnHover": "--BV-color-promote-btnHover",
      "icon": "--BV-color-promote-icon",
      "iconDisabled": "--BV-color-promote-iconDisabled",
      "iconLight": "--BV-color-promote-iconLight",
    },
  },
  "ringWidth": {
    "DEFAULT": "--BV-ringWidth-DEFAULT",
    "none": "--BV-ringWidth-none",
  },
  "size": {
    "2xl": "--BV-size-2xl",
    "3xl": "--BV-size-3xl",
    "4xl": "--BV-size-4xl",
    "5xl": "--BV-size-5xl",
    "6xl": "--BV-size-6xl",
    "7xl": "--BV-size-7xl",
    "lg": "--BV-size-lg",
    "md": "--BV-size-md",
    "prose": "--BV-size-prose",
    "sm": "--BV-size-sm",
    "xl": "--BV-size-xl",
    "xs": "--BV-size-xs",
  },
  "space": {
    "0": "--BV-space-0",
    "0_5": "--BV-space-0_5",
    "1": "--BV-space-1",
    "10": "--BV-space-10",
    "11": "--BV-space-11",
    "12": "--BV-space-12",
    "14": "--BV-space-14",
    "16": "--BV-space-16",
    "1_5": "--BV-space-1_5",
    "2": "--BV-space-2",
    "20": "--BV-space-20",
    "24": "--BV-space-24",
    "2_5": "--BV-space-2_5",
    "3": "--BV-space-3",
    "4": "--BV-space-4",
    "48": "--BV-space-48",
    "5": "--BV-space-5",
    "6": "--BV-space-6",
    "7": "--BV-space-7",
    "8": "--BV-space-8",
    "9": "--BV-space-9",
    "px": "--BV-space-px",
  },
  "theme": "--BV-theme",
  "typography": {
    "fontFamily": {
      "mono": "--BV-typography-fontFamily-mono",
      "sans": "--BV-typography-fontFamily-sans",
      "serif": "--BV-typography-fontFamily-serif",
    },
    "text": {
      "2xl": {
        "height": "--BV-typography-text-2xl-height",
        "size": "--BV-typography-text-2xl-size",
      },
      "3xl": {
        "height": "--BV-typography-text-3xl-height",
        "size": "--BV-typography-text-3xl-size",
      },
      "base": {
        "height": "--BV-typography-text-base-height",
        "size": "--BV-typography-text-base-size",
      },
      "lg": {
        "height": "--BV-typography-text-lg-height",
        "size": "--BV-typography-text-lg-size",
      },
      "sm": {
        "height": "--BV-typography-text-sm-height",
        "size": "--BV-typography-text-sm-size",
      },
      "xl": {
        "height": "--BV-typography-text-xl-height",
        "size": "--BV-typography-text-xl-size",
      },
      "xs": {
        "height": "--BV-typography-text-xs-height",
        "size": "--BV-typography-text-xs-size",
      },
    },
  },
  "uid": "--BV-uid",
  "widescreenWidth": "--BV-widescreenWidth",
}
`;

exports[`vars snapshot 1`] = `
{
  "app": {
    "activitybar": {
      "color": {
        "bg": "var(--BV-app-activitybar-color-bg)",
      },
    },
    "editor": {
      "color": {
        "bg": "var(--BV-app-editor-color-bg)",
      },
    },
  },
  "border": {
    "radius": {
      "DEFAULT": "var(--BV-border-radius-DEFAULT)",
      "lg": "var(--BV-border-radius-lg)",
      "md": "var(--BV-border-radius-md)",
      "none": "var(--BV-border-radius-none)",
      "sm": "var(--BV-border-radius-sm)",
      "xl": "var(--BV-border-radius-xl)",
    },
    "width": {
      "DEFAULT": "var(--BV-border-width-DEFAULT)",
      "lg": "var(--BV-border-width-lg)",
      "md": "var(--BV-border-width-md)",
      "none": "var(--BV-border-width-none)",
    },
  },
  "color": {
    "caution": {
      "border": "var(--BV-color-caution-border)",
      "borderDark": "var(--BV-color-caution-borderDark)",
      "borderDarker": "var(--BV-color-caution-borderDarker)",
      "borderLight": "var(--BV-color-caution-borderLight)",
      "btn": "var(--BV-color-caution-btn)",
      "btnColor": "var(--BV-color-caution-btnColor)",
      "btnDisabled": "var(--BV-color-caution-btnDisabled)",
      "btnDown": "var(--BV-color-caution-btnDown)",
      "btnHover": "var(--BV-color-caution-btnHover)",
      "icon": "var(--BV-color-caution-icon)",
      "iconDisabled": "var(--BV-color-caution-iconDisabled)",
      "iconLight": "var(--BV-color-caution-iconLight)",
    },
    "critical": {
      "border": "var(--BV-color-critical-border)",
      "borderDark": "var(--BV-color-critical-borderDark)",
      "borderDarker": "var(--BV-color-critical-borderDarker)",
      "borderLight": "var(--BV-color-critical-borderLight)",
      "btn": "var(--BV-color-critical-btn)",
      "btnColor": "var(--BV-color-critical-btnColor)",
      "btnDisabled": "var(--BV-color-critical-btnDisabled)",
      "btnDown": "var(--BV-color-critical-btnDown)",
      "btnHover": "var(--BV-color-critical-btnHover)",
      "icon": "var(--BV-color-critical-icon)",
      "iconDisabled": "var(--BV-color-critical-iconDisabled)",
      "iconLight": "var(--BV-color-critical-iconLight)",
    },
    "neutral": {
      "bg": "var(--BV-color-neutral-bg)",
      "bgLayer1": "var(--BV-color-neutral-bgLayer1)",
      "bgLayer2": "var(--BV-color-neutral-bgLayer2)",
      "border": "var(--BV-color-neutral-border)",
      "borderDark": "var(--BV-color-neutral-borderDark)",
      "borderDarker": "var(--BV-color-neutral-borderDarker)",
      "borderLight": "var(--BV-color-neutral-borderLight)",
      "btn": "var(--BV-color-neutral-btn)",
      "btnColor": "var(--BV-color-neutral-btnColor)",
      "btnDisabled": "var(--BV-color-neutral-btnDisabled)",
      "btnDown": "var(--BV-color-neutral-btnDown)",
      "btnHover": "var(--BV-color-neutral-btnHover)",
      "icon": "var(--BV-color-neutral-icon)",
      "iconDisabled": "var(--BV-color-neutral-iconDisabled)",
      "iconLight": "var(--BV-color-neutral-iconLight)",
      "text": "var(--BV-color-neutral-text)",
      "textDark": "var(--BV-color-neutral-textDark)",
      "textDisabled": "var(--BV-color-neutral-textDisabled)",
      "textInverted": "var(--BV-color-neutral-textInverted)",
      "textLight": "var(--BV-color-neutral-textLight)",
    },
    "positive": {
      "border": "var(--BV-color-positive-border)",
      "borderDark": "var(--BV-color-positive-borderDark)",
      "borderDarker": "var(--BV-color-positive-borderDarker)",
      "borderLight": "var(--BV-color-positive-borderLight)",
      "btn": "var(--BV-color-positive-btn)",
      "btnColor": "var(--BV-color-positive-btnColor)",
      "btnDisabled": "var(--BV-color-positive-btnDisabled)",
      "btnDown": "var(--BV-color-positive-btnDown)",
      "btnHover": "var(--BV-color-positive-btnHover)",
      "icon": "var(--BV-color-positive-icon)",
      "iconDisabled": "var(--BV-color-positive-iconDisabled)",
      "iconLight": "var(--BV-color-positive-iconLight)",
    },
    "promote": {
      "border": "var(--BV-color-promote-border)",
      "borderDark": "var(--BV-color-promote-borderDark)",
      "borderDarker": "var(--BV-color-promote-borderDarker)",
      "borderLight": "var(--BV-color-promote-borderLight)",
      "btn": "var(--BV-color-promote-btn)",
      "btnColor": "var(--BV-color-promote-btnColor)",
      "btnDisabled": "var(--BV-color-promote-btnDisabled)",
      "btnDown": "var(--BV-color-promote-btnDown)",
      "btnHover": "var(--BV-color-promote-btnHover)",
      "icon": "var(--BV-color-promote-icon)",
      "iconDisabled": "var(--BV-color-promote-iconDisabled)",
      "iconLight": "var(--BV-color-promote-iconLight)",
    },
  },
  "ringWidth": {
    "DEFAULT": "var(--BV-ringWidth-DEFAULT)",
    "none": "var(--BV-ringWidth-none)",
  },
  "size": {
    "2xl": "var(--BV-size-2xl)",
    "3xl": "var(--BV-size-3xl)",
    "4xl": "var(--BV-size-4xl)",
    "5xl": "var(--BV-size-5xl)",
    "6xl": "var(--BV-size-6xl)",
    "7xl": "var(--BV-size-7xl)",
    "lg": "var(--BV-size-lg)",
    "md": "var(--BV-size-md)",
    "prose": "var(--BV-size-prose)",
    "sm": "var(--BV-size-sm)",
    "xl": "var(--BV-size-xl)",
    "xs": "var(--BV-size-xs)",
  },
  "space": {
    "0": "var(--BV-space-0)",
    "0_5": "var(--BV-space-0_5)",
    "1": "var(--BV-space-1)",
    "10": "var(--BV-space-10)",
    "11": "var(--BV-space-11)",
    "12": "var(--BV-space-12)",
    "14": "var(--BV-space-14)",
    "16": "var(--BV-space-16)",
    "1_5": "var(--BV-space-1_5)",
    "2": "var(--BV-space-2)",
    "20": "var(--BV-space-20)",
    "24": "var(--BV-space-24)",
    "2_5": "var(--BV-space-2_5)",
    "3": "var(--BV-space-3)",
    "4": "var(--BV-space-4)",
    "48": "var(--BV-space-48)",
    "5": "var(--BV-space-5)",
    "6": "var(--BV-space-6)",
    "7": "var(--BV-space-7)",
    "8": "var(--BV-space-8)",
    "9": "var(--BV-space-9)",
    "px": "var(--BV-space-px)",
  },
  "theme": "var(--BV-theme)",
  "typography": {
    "fontFamily": {
      "mono": "var(--BV-typography-fontFamily-mono)",
      "sans": "var(--BV-typography-fontFamily-sans)",
      "serif": "var(--BV-typography-fontFamily-serif)",
    },
    "text": {
      "2xl": {
        "height": "var(--BV-typography-text-2xl-height)",
        "size": "var(--BV-typography-text-2xl-size)",
      },
      "3xl": {
        "height": "var(--BV-typography-text-3xl-height)",
        "size": "var(--BV-typography-text-3xl-size)",
      },
      "base": {
        "height": "var(--BV-typography-text-base-height)",
        "size": "var(--BV-typography-text-base-size)",
      },
      "lg": {
        "height": "var(--BV-typography-text-lg-height)",
        "size": "var(--BV-typography-text-lg-size)",
      },
      "sm": {
        "height": "var(--BV-typography-text-sm-height)",
        "size": "var(--BV-typography-text-sm-size)",
      },
      "xl": {
        "height": "var(--BV-typography-text-xl-height)",
        "size": "var(--BV-typography-text-xl-size)",
      },
      "xs": {
        "height": "var(--BV-typography-text-xs-height)",
        "size": "var(--BV-typography-text-xs-size)",
      },
    },
  },
  "uid": "var(--BV-uid)",
  "widescreenWidth": "var(--BV-widescreenWidth)",
}
`;
