// Jest Snapshot v1, https://goo.gl/fbAQLP

exports[`cssCustomProperties snapshot 1`] = `
{
  "app": {
    "activitybar": {
      "color": {
        "bg": "--BV-app-activitybar-color-bg",
      },
    },
    "editor": {
      "color": {
        "bg": "--BV-app-editor-color-bg",
      },
    },
  },
  "border": {
    "radius": {
      "DEFAULT": "--BV-border-radius-DEFAULT",
      "lg": "--BV-border-radius-lg",
      "md": "--BV-border-radius-md",
      "none": "--BV-border-radius-none",
      "sm": "--BV-border-radius-sm",
      "xl": "--BV-border-radius-xl",
    },
    "width": {
      "DEFAULT": "--BV-border-width-DEFAULT",
      "lg": "--BV-border-width-lg",
      "md": "--BV-border-width-md",
      "none": "--BV-border-width-none",
    },
  },
  "color": {
    "caution": {
      "border": "--BV-color-caution-border",
      "borderStrong": "--BV-color-caution-borderStrong",
      "borderSubdued": "--BV-color-caution-borderSubdued",
      "icon": "--BV-color-caution-icon",
      "iconDisabled": "--BV-color-caution-iconDisabled",
      "iconSubdued": "--BV-color-caution-iconSubdued",
      "solid": "--BV-color-caution-solid",
      "solidFaint": "--BV-color-caution-solidFaint",
      "solidStrong": "--BV-color-caution-solidStrong",
      "solidStronger": "--BV-color-caution-solidStronger",
      "solidSubdued": "--BV-color-caution-solidSubdued",
      "solidText": "--BV-color-caution-solidText",
    },
    "critical": {
      "border": "--BV-color-critical-border",
      "borderStrong": "--BV-color-critical-borderStrong",
      "borderSubdued": "--BV-color-critical-borderSubdued",
      "icon": "--BV-color-critical-icon",
      "iconDisabled": "--BV-color-critical-iconDisabled",
      "iconSubdued": "--BV-color-critical-iconSubdued",
      "solid": "--BV-color-critical-solid",
      "solidFaint": "--BV-color-critical-solidFaint",
      "solidStrong": "--BV-color-critical-solidStrong",
      "solidStronger": "--BV-color-critical-solidStronger",
      "solidSubdued": "--BV-color-critical-solidSubdued",
      "solidText": "--BV-color-critical-solidText",
    },
    "neutral": {
      "bgLayerBottom": "--BV-color-neutral-bgLayerBottom",
      "bgLayerFloat": "--BV-color-neutral-bgLayerFloat",
      "bgLayerMiddle": "--BV-color-neutral-bgLayerMiddle",
      "bgLayerTop": "--BV-color-neutral-bgLayerTop",
      "border": "--BV-color-neutral-border",
      "borderStrong": "--BV-color-neutral-borderStrong",
      "borderSubdued": "--BV-color-neutral-borderSubdued",
      "icon": "--BV-color-neutral-icon",
      "iconDisabled": "--BV-color-neutral-iconDisabled",
      "iconSubdued": "--BV-color-neutral-iconSubdued",
      "solid": "--BV-color-neutral-solid",
      "solidFaint": "--BV-color-neutral-solidFaint",
      "solidStrong": "--BV-color-neutral-solidStrong",
      "solidStronger": "--BV-color-neutral-solidStronger",
      "solidSubdued": "--BV-color-neutral-solidSubdued",
      "solidText": "--BV-color-neutral-solidText",
      "text": "--BV-color-neutral-text",
      "textDisabled": "--BV-color-neutral-textDisabled",
      "textInverted": "--BV-color-neutral-textInverted",
      "textStrong": "--BV-color-neutral-textStrong",
      "textSubdued": "--BV-color-neutral-textSubdued",
    },
    "positive": {
      "border": "--BV-color-positive-border",
      "borderStrong": "--BV-color-positive-borderStrong",
      "borderSubdued": "--BV-color-positive-borderSubdued",
      "icon": "--BV-color-positive-icon",
      "iconDisabled": "--BV-color-positive-iconDisabled",
      "iconSubdued": "--BV-color-positive-iconSubdued",
      "solid": "--BV-color-positive-solid",
      "solidFaint": "--BV-color-positive-solidFaint",
      "solidStrong": "--BV-color-positive-solidStrong",
      "solidStronger": "--BV-color-positive-solidStronger",
      "solidSubdued": "--BV-color-positive-solidSubdued",
      "solidText": "--BV-color-positive-solidText",
    },
    "promote": {
      "border": "--BV-color-promote-border",
      "borderStrong": "--BV-color-promote-borderStrong",
      "borderSubdued": "--BV-color-promote-borderSubdued",
      "icon": "--BV-color-promote-icon",
      "iconDisabled": "--BV-color-promote-iconDisabled",
      "iconSubdued": "--BV-color-promote-iconSubdued",
      "solid": "--BV-color-promote-solid",
      "solidFaint": "--BV-color-promote-solidFaint",
      "solidStrong": "--BV-color-promote-solidStrong",
      "solidStronger": "--BV-color-promote-solidStronger",
      "solidSubdued": "--BV-color-promote-solidSubdued",
      "solidText": "--BV-color-promote-solidText",
    },
    "secondary": {
      "border": "--BV-color-secondary-border",
      "borderStrong": "--BV-color-secondary-borderStrong",
      "borderSubdued": "--BV-color-secondary-borderSubdued",
      "icon": "--BV-color-secondary-icon",
      "iconDisabled": "--BV-color-secondary-iconDisabled",
      "iconSubdued": "--BV-color-secondary-iconSubdued",
      "solid": "--BV-color-secondary-solid",
      "solidFaint": "--BV-color-secondary-solidFaint",
      "solidStrong": "--BV-color-secondary-solidStrong",
      "solidStronger": "--BV-color-secondary-solidStronger",
      "solidSubdued": "--BV-color-secondary-solidSubdued",
      "solidText": "--BV-color-secondary-solidText",
    },
  },
  "ringWidth": {
    "DEFAULT": "--BV-ringWidth-DEFAULT",
    "none": "--BV-ringWidth-none",
  },
  "size": {
    "2xl": "--BV-size-2xl",
    "3xl": "--BV-size-3xl",
    "4xl": "--BV-size-4xl",
    "5xl": "--BV-size-5xl",
    "6xl": "--BV-size-6xl",
    "7xl": "--BV-size-7xl",
    "lg": "--BV-size-lg",
    "md": "--BV-size-md",
    "prose": "--BV-size-prose",
    "sm": "--BV-size-sm",
    "xl": "--BV-size-xl",
    "xs": "--BV-size-xs",
  },
  "space": {
    "0": "--BV-space-0",
    "0_5": "--BV-space-0_5",
    "1": "--BV-space-1",
    "10": "--BV-space-10",
    "11": "--BV-space-11",
    "12": "--BV-space-12",
    "14": "--BV-space-14",
    "16": "--BV-space-16",
    "1_5": "--BV-space-1_5",
    "2": "--BV-space-2",
    "20": "--BV-space-20",
    "24": "--BV-space-24",
    "2_5": "--BV-space-2_5",
    "3": "--BV-space-3",
    "4": "--BV-space-4",
    "48": "--BV-space-48",
    "5": "--BV-space-5",
    "6": "--BV-space-6",
    "7": "--BV-space-7",
    "8": "--BV-space-8",
    "9": "--BV-space-9",
    "px": "--BV-space-px",
  },
  "theme": "--BV-theme",
  "typography": {
    "fontFamily": {
      "mono": "--BV-typography-fontFamily-mono",
      "sans": "--BV-typography-fontFamily-sans",
      "serif": "--BV-typography-fontFamily-serif",
    },
    "text": {
      "2xl": {
        "height": "--BV-typography-text-2xl-height",
        "size": "--BV-typography-text-2xl-size",
      },
      "3xl": {
        "height": "--BV-typography-text-3xl-height",
        "size": "--BV-typography-text-3xl-size",
      },
      "base": {
        "height": "--BV-typography-text-base-height",
        "size": "--BV-typography-text-base-size",
      },
      "lg": {
        "height": "--BV-typography-text-lg-height",
        "size": "--BV-typography-text-lg-size",
      },
      "sm": {
        "height": "--BV-typography-text-sm-height",
        "size": "--BV-typography-text-sm-size",
      },
      "xl": {
        "height": "--BV-typography-text-xl-height",
        "size": "--BV-typography-text-xl-size",
      },
      "xs": {
        "height": "--BV-typography-text-xs-height",
        "size": "--BV-typography-text-xs-size",
      },
    },
  },
  "uid": "--BV-uid",
  "widescreenWidth": "--BV-widescreenWidth",
}
`;

exports[`vars snapshot 1`] = `
{
  "app": {
    "activitybar": {
      "color": {
        "bg": "var(--BV-app-activitybar-color-bg)",
      },
    },
    "editor": {
      "color": {
        "bg": "var(--BV-app-editor-color-bg)",
      },
    },
  },
  "border": {
    "radius": {
      "DEFAULT": "var(--BV-border-radius-DEFAULT)",
      "lg": "var(--BV-border-radius-lg)",
      "md": "var(--BV-border-radius-md)",
      "none": "var(--BV-border-radius-none)",
      "sm": "var(--BV-border-radius-sm)",
      "xl": "var(--BV-border-radius-xl)",
    },
    "width": {
      "DEFAULT": "var(--BV-border-width-DEFAULT)",
      "lg": "var(--BV-border-width-lg)",
      "md": "var(--BV-border-width-md)",
      "none": "var(--BV-border-width-none)",
    },
  },
  "color": {
    "caution": {
      "border": "var(--BV-color-caution-border)",
      "borderStrong": "var(--BV-color-caution-borderStrong)",
      "borderSubdued": "var(--BV-color-caution-borderSubdued)",
      "icon": "var(--BV-color-caution-icon)",
      "iconDisabled": "var(--BV-color-caution-iconDisabled)",
      "iconSubdued": "var(--BV-color-caution-iconSubdued)",
      "solid": "var(--BV-color-caution-solid)",
      "solidFaint": "var(--BV-color-caution-solidFaint)",
      "solidStrong": "var(--BV-color-caution-solidStrong)",
      "solidStronger": "var(--BV-color-caution-solidStronger)",
      "solidSubdued": "var(--BV-color-caution-solidSubdued)",
      "solidText": "var(--BV-color-caution-solidText)",
    },
    "critical": {
      "border": "var(--BV-color-critical-border)",
      "borderStrong": "var(--BV-color-critical-borderStrong)",
      "borderSubdued": "var(--BV-color-critical-borderSubdued)",
      "icon": "var(--BV-color-critical-icon)",
      "iconDisabled": "var(--BV-color-critical-iconDisabled)",
      "iconSubdued": "var(--BV-color-critical-iconSubdued)",
      "solid": "var(--BV-color-critical-solid)",
      "solidFaint": "var(--BV-color-critical-solidFaint)",
      "solidStrong": "var(--BV-color-critical-solidStrong)",
      "solidStronger": "var(--BV-color-critical-solidStronger)",
      "solidSubdued": "var(--BV-color-critical-solidSubdued)",
      "solidText": "var(--BV-color-critical-solidText)",
    },
    "neutral": {
      "bgLayerBottom": "var(--BV-color-neutral-bgLayerBottom)",
      "bgLayerFloat": "var(--BV-color-neutral-bgLayerFloat)",
      "bgLayerMiddle": "var(--BV-color-neutral-bgLayerMiddle)",
      "bgLayerTop": "var(--BV-color-neutral-bgLayerTop)",
      "border": "var(--BV-color-neutral-border)",
      "borderStrong": "var(--BV-color-neutral-borderStrong)",
      "borderSubdued": "var(--BV-color-neutral-borderSubdued)",
      "icon": "var(--BV-color-neutral-icon)",
      "iconDisabled": "var(--BV-color-neutral-iconDisabled)",
      "iconSubdued": "var(--BV-color-neutral-iconSubdued)",
      "solid": "var(--BV-color-neutral-solid)",
      "solidFaint": "var(--BV-color-neutral-solidFaint)",
      "solidStrong": "var(--BV-color-neutral-solidStrong)",
      "solidStronger": "var(--BV-color-neutral-solidStronger)",
      "solidSubdued": "var(--BV-color-neutral-solidSubdued)",
      "solidText": "var(--BV-color-neutral-solidText)",
      "text": "var(--BV-color-neutral-text)",
      "textDisabled": "var(--BV-color-neutral-textDisabled)",
      "textInverted": "var(--BV-color-neutral-textInverted)",
      "textStrong": "var(--BV-color-neutral-textStrong)",
      "textSubdued": "var(--BV-color-neutral-textSubdued)",
    },
    "positive": {
      "border": "var(--BV-color-positive-border)",
      "borderStrong": "var(--BV-color-positive-borderStrong)",
      "borderSubdued": "var(--BV-color-positive-borderSubdued)",
      "icon": "var(--BV-color-positive-icon)",
      "iconDisabled": "var(--BV-color-positive-iconDisabled)",
      "iconSubdued": "var(--BV-color-positive-iconSubdued)",
      "solid": "var(--BV-color-positive-solid)",
      "solidFaint": "var(--BV-color-positive-solidFaint)",
      "solidStrong": "var(--BV-color-positive-solidStrong)",
      "solidStronger": "var(--BV-color-positive-solidStronger)",
      "solidSubdued": "var(--BV-color-positive-solidSubdued)",
      "solidText": "var(--BV-color-positive-solidText)",
    },
    "promote": {
      "border": "var(--BV-color-promote-border)",
      "borderStrong": "var(--BV-color-promote-borderStrong)",
      "borderSubdued": "var(--BV-color-promote-borderSubdued)",
      "icon": "var(--BV-color-promote-icon)",
      "iconDisabled": "var(--BV-color-promote-iconDisabled)",
      "iconSubdued": "var(--BV-color-promote-iconSubdued)",
      "solid": "var(--BV-color-promote-solid)",
      "solidFaint": "var(--BV-color-promote-solidFaint)",
      "solidStrong": "var(--BV-color-promote-solidStrong)",
      "solidStronger": "var(--BV-color-promote-solidStronger)",
      "solidSubdued": "var(--BV-color-promote-solidSubdued)",
      "solidText": "var(--BV-color-promote-solidText)",
    },
    "secondary": {
      "border": "var(--BV-color-secondary-border)",
      "borderStrong": "var(--BV-color-secondary-borderStrong)",
      "borderSubdued": "var(--BV-color-secondary-borderSubdued)",
      "icon": "var(--BV-color-secondary-icon)",
      "iconDisabled": "var(--BV-color-secondary-iconDisabled)",
      "iconSubdued": "var(--BV-color-secondary-iconSubdued)",
      "solid": "var(--BV-color-secondary-solid)",
      "solidFaint": "var(--BV-color-secondary-solidFaint)",
      "solidStrong": "var(--BV-color-secondary-solidStrong)",
      "solidStronger": "var(--BV-color-secondary-solidStronger)",
      "solidSubdued": "var(--BV-color-secondary-solidSubdued)",
      "solidText": "var(--BV-color-secondary-solidText)",
    },
  },
  "ringWidth": {
    "DEFAULT": "var(--BV-ringWidth-DEFAULT)",
    "none": "var(--BV-ringWidth-none)",
  },
  "size": {
    "2xl": "var(--BV-size-2xl)",
    "3xl": "var(--BV-size-3xl)",
    "4xl": "var(--BV-size-4xl)",
    "5xl": "var(--BV-size-5xl)",
    "6xl": "var(--BV-size-6xl)",
    "7xl": "var(--BV-size-7xl)",
    "lg": "var(--BV-size-lg)",
    "md": "var(--BV-size-md)",
    "prose": "var(--BV-size-prose)",
    "sm": "var(--BV-size-sm)",
    "xl": "var(--BV-size-xl)",
    "xs": "var(--BV-size-xs)",
  },
  "space": {
    "0": "var(--BV-space-0)",
    "0_5": "var(--BV-space-0_5)",
    "1": "var(--BV-space-1)",
    "10": "var(--BV-space-10)",
    "11": "var(--BV-space-11)",
    "12": "var(--BV-space-12)",
    "14": "var(--BV-space-14)",
    "16": "var(--BV-space-16)",
    "1_5": "var(--BV-space-1_5)",
    "2": "var(--BV-space-2)",
    "20": "var(--BV-space-20)",
    "24": "var(--BV-space-24)",
    "2_5": "var(--BV-space-2_5)",
    "3": "var(--BV-space-3)",
    "4": "var(--BV-space-4)",
    "48": "var(--BV-space-48)",
    "5": "var(--BV-space-5)",
    "6": "var(--BV-space-6)",
    "7": "var(--BV-space-7)",
    "8": "var(--BV-space-8)",
    "9": "var(--BV-space-9)",
    "px": "var(--BV-space-px)",
  },
  "theme": "var(--BV-theme)",
  "typography": {
    "fontFamily": {
      "mono": "var(--BV-typography-fontFamily-mono)",
      "sans": "var(--BV-typography-fontFamily-sans)",
      "serif": "var(--BV-typography-fontFamily-serif)",
    },
    "text": {
      "2xl": {
        "height": "var(--BV-typography-text-2xl-height)",
        "size": "var(--BV-typography-text-2xl-size)",
      },
      "3xl": {
        "height": "var(--BV-typography-text-3xl-height)",
        "size": "var(--BV-typography-text-3xl-size)",
      },
      "base": {
        "height": "var(--BV-typography-text-base-height)",
        "size": "var(--BV-typography-text-base-size)",
      },
      "lg": {
        "height": "var(--BV-typography-text-lg-height)",
        "size": "var(--BV-typography-text-lg-size)",
      },
      "sm": {
        "height": "var(--BV-typography-text-sm-height)",
        "size": "var(--BV-typography-text-sm-size)",
      },
      "xl": {
        "height": "var(--BV-typography-text-xl-height)",
        "size": "var(--BV-typography-text-xl-size)",
      },
      "xs": {
        "height": "var(--BV-typography-text-xs-height)",
        "size": "var(--BV-typography-text-xs-size)",
      },
    },
  },
  "uid": "var(--BV-uid)",
  "widescreenWidth": "var(--BV-widescreenWidth)",
}
`;
