// Jest Snapshot v1, https://goo.gl/fbAQLP

exports[`cssCustomProperties snapshot 1`] = `
{
  "app": {
    "activitybar": {
      "bgColor": "--BV-app-activitybar-bgColor",
    },
    "editor": {
      "bgColor": "--BV-app-editor-bgColor",
    },
  },
  "border": {
    "radius": {
      "DEFAULT": "--BV-border-radius-DEFAULT",
      "lg": "--BV-border-radius-lg",
      "md": "--BV-border-radius-md",
      "none": "--BV-border-radius-none",
      "sm": "--BV-border-radius-sm",
      "xl": "--BV-border-radius-xl",
    },
    "width": {
      "DEFAULT": "--BV-border-width-DEFAULT",
      "lg": "--BV-border-width-lg",
      "md": "--BV-border-width-md",
      "none": "--BV-border-width-none",
    },
  },
  "color": {
    "background": {
      "body": "--BV-color-background-body",
      "brand": "--BV-color-background-brand",
      "brandAccent": "--BV-color-background-brandAccent",
      "brandAccentActive": "--BV-color-background-brandAccentActive",
      "brandAccentHover": "--BV-color-background-brandAccentHover",
      "brandAccentLight": "--BV-color-background-brandAccentLight",
      "brandAccentLightActive": "--BV-color-background-brandAccentLightActive",
      "brandAccentLightHover": "--BV-color-background-brandAccentLightHover",
      "caution": "--BV-color-background-caution",
      "cautionActive": "--BV-color-background-cautionActive",
      "cautionHover": "--BV-color-background-cautionHover",
      "cautionLight": "--BV-color-background-cautionLight",
      "cautionLightActive": "--BV-color-background-cautionLightActive",
      "cautionLightHover": "--BV-color-background-cautionLightHover",
      "critical": "--BV-color-background-critical",
      "criticalActive": "--BV-color-background-criticalActive",
      "criticalHover": "--BV-color-background-criticalHover",
      "criticalLight": "--BV-color-background-criticalLight",
      "criticalLightActive": "--BV-color-background-criticalLightActive",
      "criticalLightHover": "--BV-color-background-criticalLightHover",
      "info": "--BV-color-background-info",
      "infoActive": "--BV-color-background-infoActive",
      "infoHover": "--BV-color-background-infoHover",
      "infoLight": "--BV-color-background-infoLight",
      "infoLightActive": "--BV-color-background-infoLightActive",
      "infoLightHover": "--BV-color-background-infoLightHover",
      "neutral": "--BV-color-background-neutral",
      "neutralActive": "--BV-color-background-neutralActive",
      "neutralHover": "--BV-color-background-neutralHover",
      "neutralLight": "--BV-color-background-neutralLight",
      "neutralLightActive": "--BV-color-background-neutralLightActive",
      "neutralLightHover": "--BV-color-background-neutralLightHover",
      "neutralSoft": "--BV-color-background-neutralSoft",
      "positive": "--BV-color-background-positive",
      "positiveActive": "--BV-color-background-positiveActive",
      "positiveHover": "--BV-color-background-positiveHover",
      "positiveLight": "--BV-color-background-positiveLight",
      "positiveLightActive": "--BV-color-background-positiveLightActive",
      "positiveLightHover": "--BV-color-background-positiveLightHover",
      "promote": "--BV-color-background-promote",
      "promoteActive": "--BV-color-background-promoteActive",
      "promoteHover": "--BV-color-background-promoteHover",
      "promoteLight": "--BV-color-background-promoteLight",
      "promoteLightActive": "--BV-color-background-promoteLightActive",
      "promoteLightHover": "--BV-color-background-promoteLightHover",
      "surface": "--BV-color-background-surface",
      "surfaceDark": "--BV-color-background-surfaceDark",
      "surfaceDarker": "--BV-color-background-surfaceDarker",
      "surfaceLight": "--BV-color-background-surfaceLight",
    },
    "foreground": {
      "brandAccent": "--BV-color-foreground-brandAccent",
      "brandAccentLight": "--BV-color-foreground-brandAccentLight",
      "caution": "--BV-color-foreground-caution",
      "cautionLight": "--BV-color-foreground-cautionLight",
      "critical": "--BV-color-foreground-critical",
      "criticalLight": "--BV-color-foreground-criticalLight",
      "info": "--BV-color-foreground-info",
      "infoLight": "--BV-color-foreground-infoLight",
      "link": "--BV-color-foreground-link",
      "linkHover": "--BV-color-foreground-linkHover",
      "linkLight": "--BV-color-foreground-linkLight",
      "linkVisited": "--BV-color-foreground-linkVisited",
      "neutral": "--BV-color-foreground-neutral",
      "neutralInverted": "--BV-color-foreground-neutralInverted",
      "neutralLight": "--BV-color-foreground-neutralLight",
      "positive": "--BV-color-foreground-positive",
      "positiveLight": "--BV-color-foreground-positiveLight",
      "primary": "--BV-color-foreground-primary",
      "primaryInverted": "--BV-color-foreground-primaryInverted",
      "primaryLight": "--BV-color-foreground-primaryLight",
      "promote": "--BV-color-foreground-promote",
      "promoteLight": "--BV-color-foreground-promoteLight",
      "secondary": "--BV-color-foreground-secondary",
      "secondaryInverted": "--BV-color-foreground-secondaryInverted",
      "secondaryLight": "--BV-color-foreground-secondaryLight",
    },
  },
  "ringWidth": {
    "DEFAULT": "--BV-ringWidth-DEFAULT",
    "none": "--BV-ringWidth-none",
  },
  "size": {
    "2xl": "--BV-size-2xl",
    "3xl": "--BV-size-3xl",
    "4xl": "--BV-size-4xl",
    "5xl": "--BV-size-5xl",
    "6xl": "--BV-size-6xl",
    "7xl": "--BV-size-7xl",
    "lg": "--BV-size-lg",
    "md": "--BV-size-md",
    "prose": "--BV-size-prose",
    "sm": "--BV-size-sm",
    "xl": "--BV-size-xl",
    "xs": "--BV-size-xs",
  },
  "space": {
    "0": "--BV-space-0",
    "0_5": "--BV-space-0_5",
    "1": "--BV-space-1",
    "10": "--BV-space-10",
    "12": "--BV-space-12",
    "14": "--BV-space-14",
    "16": "--BV-space-16",
    "1_5": "--BV-space-1_5",
    "2": "--BV-space-2",
    "20": "--BV-space-20",
    "24": "--BV-space-24",
    "2_5": "--BV-space-2_5",
    "3": "--BV-space-3",
    "4": "--BV-space-4",
    "48": "--BV-space-48",
    "5": "--BV-space-5",
    "6": "--BV-space-6",
    "7": "--BV-space-7",
    "8": "--BV-space-8",
    "9": "--BV-space-9",
    "px": "--BV-space-px",
  },
  "theme": "--BV-theme",
  "typography": {
    "fontFamily": {
      "mono": "--BV-typography-fontFamily-mono",
      "sans": "--BV-typography-fontFamily-sans",
      "serif": "--BV-typography-fontFamily-serif",
    },
    "text": {
      "2xl": {
        "height": "--BV-typography-text-2xl-height",
        "size": "--BV-typography-text-2xl-size",
      },
      "3xl": {
        "height": "--BV-typography-text-3xl-height",
        "size": "--BV-typography-text-3xl-size",
      },
      "base": {
        "height": "--BV-typography-text-base-height",
        "size": "--BV-typography-text-base-size",
      },
      "lg": {
        "height": "--BV-typography-text-lg-height",
        "size": "--BV-typography-text-lg-size",
      },
      "sm": {
        "height": "--BV-typography-text-sm-height",
        "size": "--BV-typography-text-sm-size",
      },
      "xl": {
        "height": "--BV-typography-text-xl-height",
        "size": "--BV-typography-text-xl-size",
      },
      "xs": {
        "height": "--BV-typography-text-xs-height",
        "size": "--BV-typography-text-xs-size",
      },
    },
  },
  "widescreenWidth": "--BV-widescreenWidth",
}
`;

exports[`vars snapshot 1`] = `
{
  "app": {
    "activitybar": {
      "bgColor": "var(--BV-app-activitybar-bgColor)",
    },
    "editor": {
      "bgColor": "var(--BV-app-editor-bgColor)",
    },
  },
  "border": {
    "radius": {
      "DEFAULT": "var(--BV-border-radius-DEFAULT)",
      "lg": "var(--BV-border-radius-lg)",
      "md": "var(--BV-border-radius-md)",
      "none": "var(--BV-border-radius-none)",
      "sm": "var(--BV-border-radius-sm)",
      "xl": "var(--BV-border-radius-xl)",
    },
    "width": {
      "DEFAULT": "var(--BV-border-width-DEFAULT)",
      "lg": "var(--BV-border-width-lg)",
      "md": "var(--BV-border-width-md)",
      "none": "var(--BV-border-width-none)",
    },
  },
  "color": {
    "background": {
      "body": "var(--BV-color-background-body)",
      "brand": "var(--BV-color-background-brand)",
      "brandAccent": "var(--BV-color-background-brandAccent)",
      "brandAccentActive": "var(--BV-color-background-brandAccentActive)",
      "brandAccentHover": "var(--BV-color-background-brandAccentHover)",
      "brandAccentLight": "var(--BV-color-background-brandAccentLight)",
      "brandAccentLightActive": "var(--BV-color-background-brandAccentLightActive)",
      "brandAccentLightHover": "var(--BV-color-background-brandAccentLightHover)",
      "caution": "var(--BV-color-background-caution)",
      "cautionActive": "var(--BV-color-background-cautionActive)",
      "cautionHover": "var(--BV-color-background-cautionHover)",
      "cautionLight": "var(--BV-color-background-cautionLight)",
      "cautionLightActive": "var(--BV-color-background-cautionLightActive)",
      "cautionLightHover": "var(--BV-color-background-cautionLightHover)",
      "critical": "var(--BV-color-background-critical)",
      "criticalActive": "var(--BV-color-background-criticalActive)",
      "criticalHover": "var(--BV-color-background-criticalHover)",
      "criticalLight": "var(--BV-color-background-criticalLight)",
      "criticalLightActive": "var(--BV-color-background-criticalLightActive)",
      "criticalLightHover": "var(--BV-color-background-criticalLightHover)",
      "info": "var(--BV-color-background-info)",
      "infoActive": "var(--BV-color-background-infoActive)",
      "infoHover": "var(--BV-color-background-infoHover)",
      "infoLight": "var(--BV-color-background-infoLight)",
      "infoLightActive": "var(--BV-color-background-infoLightActive)",
      "infoLightHover": "var(--BV-color-background-infoLightHover)",
      "neutral": "var(--BV-color-background-neutral)",
      "neutralActive": "var(--BV-color-background-neutralActive)",
      "neutralHover": "var(--BV-color-background-neutralHover)",
      "neutralLight": "var(--BV-color-background-neutralLight)",
      "neutralLightActive": "var(--BV-color-background-neutralLightActive)",
      "neutralLightHover": "var(--BV-color-background-neutralLightHover)",
      "neutralSoft": "var(--BV-color-background-neutralSoft)",
      "positive": "var(--BV-color-background-positive)",
      "positiveActive": "var(--BV-color-background-positiveActive)",
      "positiveHover": "var(--BV-color-background-positiveHover)",
      "positiveLight": "var(--BV-color-background-positiveLight)",
      "positiveLightActive": "var(--BV-color-background-positiveLightActive)",
      "positiveLightHover": "var(--BV-color-background-positiveLightHover)",
      "promote": "var(--BV-color-background-promote)",
      "promoteActive": "var(--BV-color-background-promoteActive)",
      "promoteHover": "var(--BV-color-background-promoteHover)",
      "promoteLight": "var(--BV-color-background-promoteLight)",
      "promoteLightActive": "var(--BV-color-background-promoteLightActive)",
      "promoteLightHover": "var(--BV-color-background-promoteLightHover)",
      "surface": "var(--BV-color-background-surface)",
      "surfaceDark": "var(--BV-color-background-surfaceDark)",
      "surfaceDarker": "var(--BV-color-background-surfaceDarker)",
      "surfaceLight": "var(--BV-color-background-surfaceLight)",
    },
    "foreground": {
      "brandAccent": "var(--BV-color-foreground-brandAccent)",
      "brandAccentLight": "var(--BV-color-foreground-brandAccentLight)",
      "caution": "var(--BV-color-foreground-caution)",
      "cautionLight": "var(--BV-color-foreground-cautionLight)",
      "critical": "var(--BV-color-foreground-critical)",
      "criticalLight": "var(--BV-color-foreground-criticalLight)",
      "info": "var(--BV-color-foreground-info)",
      "infoLight": "var(--BV-color-foreground-infoLight)",
      "link": "var(--BV-color-foreground-link)",
      "linkHover": "var(--BV-color-foreground-linkHover)",
      "linkLight": "var(--BV-color-foreground-linkLight)",
      "linkVisited": "var(--BV-color-foreground-linkVisited)",
      "neutral": "var(--BV-color-foreground-neutral)",
      "neutralInverted": "var(--BV-color-foreground-neutralInverted)",
      "neutralLight": "var(--BV-color-foreground-neutralLight)",
      "positive": "var(--BV-color-foreground-positive)",
      "positiveLight": "var(--BV-color-foreground-positiveLight)",
      "primary": "var(--BV-color-foreground-primary)",
      "primaryInverted": "var(--BV-color-foreground-primaryInverted)",
      "primaryLight": "var(--BV-color-foreground-primaryLight)",
      "promote": "var(--BV-color-foreground-promote)",
      "promoteLight": "var(--BV-color-foreground-promoteLight)",
      "secondary": "var(--BV-color-foreground-secondary)",
      "secondaryInverted": "var(--BV-color-foreground-secondaryInverted)",
      "secondaryLight": "var(--BV-color-foreground-secondaryLight)",
    },
  },
  "ringWidth": {
    "DEFAULT": "var(--BV-ringWidth-DEFAULT)",
    "none": "var(--BV-ringWidth-none)",
  },
  "size": {
    "2xl": "var(--BV-size-2xl)",
    "3xl": "var(--BV-size-3xl)",
    "4xl": "var(--BV-size-4xl)",
    "5xl": "var(--BV-size-5xl)",
    "6xl": "var(--BV-size-6xl)",
    "7xl": "var(--BV-size-7xl)",
    "lg": "var(--BV-size-lg)",
    "md": "var(--BV-size-md)",
    "prose": "var(--BV-size-prose)",
    "sm": "var(--BV-size-sm)",
    "xl": "var(--BV-size-xl)",
    "xs": "var(--BV-size-xs)",
  },
  "space": {
    "0": "var(--BV-space-0)",
    "0_5": "var(--BV-space-0_5)",
    "1": "var(--BV-space-1)",
    "10": "var(--BV-space-10)",
    "12": "var(--BV-space-12)",
    "14": "var(--BV-space-14)",
    "16": "var(--BV-space-16)",
    "1_5": "var(--BV-space-1_5)",
    "2": "var(--BV-space-2)",
    "20": "var(--BV-space-20)",
    "24": "var(--BV-space-24)",
    "2_5": "var(--BV-space-2_5)",
    "3": "var(--BV-space-3)",
    "4": "var(--BV-space-4)",
    "48": "var(--BV-space-48)",
    "5": "var(--BV-space-5)",
    "6": "var(--BV-space-6)",
    "7": "var(--BV-space-7)",
    "8": "var(--BV-space-8)",
    "9": "var(--BV-space-9)",
    "px": "var(--BV-space-px)",
  },
  "theme": "var(--BV-theme)",
  "typography": {
    "fontFamily": {
      "mono": "var(--BV-typography-fontFamily-mono)",
      "sans": "var(--BV-typography-fontFamily-sans)",
      "serif": "var(--BV-typography-fontFamily-serif)",
    },
    "text": {
      "2xl": {
        "height": "var(--BV-typography-text-2xl-height)",
        "size": "var(--BV-typography-text-2xl-size)",
      },
      "3xl": {
        "height": "var(--BV-typography-text-3xl-height)",
        "size": "var(--BV-typography-text-3xl-size)",
      },
      "base": {
        "height": "var(--BV-typography-text-base-height)",
        "size": "var(--BV-typography-text-base-size)",
      },
      "lg": {
        "height": "var(--BV-typography-text-lg-height)",
        "size": "var(--BV-typography-text-lg-size)",
      },
      "sm": {
        "height": "var(--BV-typography-text-sm-height)",
        "size": "var(--BV-typography-text-sm-size)",
      },
      "xl": {
        "height": "var(--BV-typography-text-xl-height)",
        "size": "var(--BV-typography-text-xl-size)",
      },
      "xs": {
        "height": "var(--BV-typography-text-xs-height)",
        "size": "var(--BV-typography-text-xs-size)",
      },
    },
  },
  "widescreenWidth": "var(--BV-widescreenWidth)",
}
`;
