// Jest Snapshot v1, https://goo.gl/fbAQLP

exports[`index db workspace Adds files correctly 1`] = `
Array [
  Object {
    "doc": null,
    "docName": "0",
    "metadata": Object {
      "lastModified": 1,
    },
  },
  Object {
    "doc": null,
    "docName": "1",
    "metadata": Object {
      "lastModified": 1,
    },
  },
  Object {
    "doc": null,
    "docName": "2",
    "metadata": Object {
      "lastModified": 1,
    },
  },
  Object {
    "doc": null,
    "docName": "3",
    "metadata": Object {
      "lastModified": 1,
    },
  },
  Object {
    "doc": null,
    "docName": "4",
    "metadata": Object {
      "lastModified": 1,
    },
  },
]
`;
