// Jest Snapshot v1, https://goo.gl/fbAQLP

exports[`basic renders 1`] = `
<div>
  <div
    class="test-class B-editor_display-page "
  >
    <div
      class="ProseMirror bangle-editor"
      contenteditable="true"
      translate="no"
    >
      <p>
        Hello world! I am a test
      </p>
    </div>
  </div>
</div>
`;
