// Jest Snapshot v1, https://goo.gl/fbAQLP

exports[`NewWorkspaceModalBrowser browsers storage type renders correctly 1`] = `
<div>
  <div
    data-overlay-container="true"
  >
    <div
      data-overlay-container="true"
    >
      <div
        class="B-ui-components_dialog-underlay transition-opacity"
      >
        <span
          data-focus-scope-start="true"
          hidden=""
        />
        <div
          aria-labelledby="react-aria-test-id"
          class="B-ui-components_dialog-content-container BU_medium "
          data-ismodal="true"
          role="alertdialog"
          tabindex="-1"
        >
          <div
            class="B-ui-components_dialog-header-icon w-6 h-6"
          />
          <h2
            class="B-ui-components_dialog-heading text-xl font-semibold break-all"
            id="react-aria-test-id"
          >
            New Workspace
          </h2>
          <hr
            class="B-ui-components_dialog-divider"
          />
          <div
            class="B-ui-components_dialog-content "
          >
            <div
              class="flex flex-col mb-5"
            >
              <div
                class="mb-2"
              >
                <h2
                  class="text-lg font-medium"
                >
                  Storage type
                </h2>
                <span
                  class="text-sm"
                >
                  Bangle.io strongly recommends you choose 
                  <b>
                    File system
                  </b>
                   storage because it is safer and portable. Read more at
                   
                  <a
                    class="underline"
                    href="https://bangle.io/"
                  >
                    https://bangle.io
                  </a>
                  .
                </span>
              </div>
              <div>
                <div
                  class="inline-flex flex-col relative mt-4 w-64 "
                >
                  <div
                    class="B-ui-components_select-label text-sm font-medium cursor-default"
                  />
                  <div
                    aria-hidden="true"
                    style="border: 0px; clip-path: inset(50%); height: 1px; margin: 0px -1px -1px 0px; overflow: hidden; padding: 0px; position: absolute; width: 1px; white-space: nowrap;"
                  >
                    <input
                      style="font-size: 16px;"
                      tabindex="-1"
                      type="text"
                    />
                    <label>
                      <select
                        size="2"
                        tabindex="-1"
                      >
                        <option />
                        <option
                          value="file-system"
                        >
                          File System
                        </option>
                        <option
                          value="browser"
                        >
                          Browser
                        </option>
                      </select>
                    </label>
                  </div>
                  <button
                    aria-describedby="react-aria-test-id react-aria-test-id"
                    aria-expanded="false"
                    aria-haspopup="listbox"
                    aria-label="Select storage type"
                    aria-labelledby="react-aria-test-id react-aria-test-id"
                    class="B-ui-components_select-button p-1 relative inline-flex flex-row items-center justify-between overflow-hidden cursor-default shadow-sm outline-none "
                    id="react-aria-test-id"
                    style="border-radius: var(--BV-ui-bangle-button-radius);"
                    type="button"
                  >
                    <span
                      class="text-md text-left px-1 w-64 truncate overflow-ellipsis "
                      id="react-aria-test-id"
                    >
                      Browser
                    </span>
                    <svg
                      aria-hidden="true"
                      class="w-5 h-5"
                      fill="currentColor"
                      viewBox="0 0 20 20"
                      xmlns="http://www.w3.org/2000/svg"
                    >
                      <path
                        clip-rule="evenodd"
                        d="M10 3a1 1 0 01.707.293l3 3a1 1 0 01-1.414 1.414L10 5.414 7.707 7.707a1 1 0 01-1.414-1.414l3-3A1 1 0 0110 3zm-3.707 9.293a1 1 0 011.414 0L10 14.586l2.293-2.293a1 1 0 011.414 1.414l-3 3a1 1 0 01-1.414 0l-3-3a1 1 0 010-1.414z"
                        fill-rule="evenodd"
                      />
                    </svg>
                  </button>
                </div>
              </div>
            </div>
            <div
              class="flex flex-col mb-5"
            >
              <div
                class="mb-2"
              >
                <h2
                  class="text-lg font-medium"
                >
                  Workspace name
                </h2>
                <div
                  class="mt-2 text-lg"
                >
                  <input
                    aria-label="workspace name input"
                    class="p-1 pl-2"
                    style="border-radius: var(--BV-ui-bangle-button-radius);"
                    value=""
                  />
                </div>
              </div>
            </div>
          </div>
          <div
            class="B-ui-components_dialog-button-group flex flex-row-reverse justify-start pt-12 pl-6"
          >
            <button
              aria-label="Create workspace"
              class="B-ui-components_button select-none py-1 px-3 BU_variant-primary ml-3  transition-all duration-100 cursor-default  cursor-not-allowed "
              disabled=""
              type="button"
            >
              Create workspace
            </button>
            <button
              aria-label="dismiss"
              class="B-ui-components_button select-none py-1 px-3 BU_variant-secondary  transition-all duration-100 cursor-default  "
              type="button"
            >
              Close
            </button>
          </div>
          <footer
            class="B-ui-components_dialog-footer"
          />
        </div>
        <span
          data-focus-scope-end="true"
          hidden=""
        />
      </div>
    </div>
  </div>
</div>
`;
